Archive member included to satisfy reference by file (symbol)

c:/program files (x86)/atmel/studio/7.0/toolchain/arm/arm-gnu-toolchain/bin/../lib/gcc/arm-none-eabi/6.3.1/thumb/v6-m\libgcc.a(_udivsi3.o)
                              hpl/core/hpl_core_m0plus_base.o (__aeabi_uidiv)
c:/program files (x86)/atmel/studio/7.0/toolchain/arm/arm-gnu-toolchain/bin/../lib/gcc/arm-none-eabi/6.3.1/thumb/v6-m\libgcc.a(_dvmd_tls.o)
                              c:/program files (x86)/atmel/studio/7.0/toolchain/arm/arm-gnu-toolchain/bin/../lib/gcc/arm-none-eabi/6.3.1/thumb/v6-m\libgcc.a(_udivsi3.o) (__aeabi_idiv0)
c:/program files (x86)/atmel/studio/7.0/toolchain/arm/arm-gnu-toolchain/bin/../lib/gcc/arm-none-eabi/6.3.1/thumb/v6-m\libgcc.a(_aeabi_uldivmod.o)
                              hpl/sercom/hpl_sercom.o (__aeabi_uldivmod)
c:/program files (x86)/atmel/studio/7.0/toolchain/arm/arm-gnu-toolchain/bin/../lib/gcc/arm-none-eabi/6.3.1/thumb/v6-m\libgcc.a(_muldi3.o)
                              hpl/sercom/hpl_sercom.o (__aeabi_lmul)
c:/program files (x86)/atmel/studio/7.0/toolchain/arm/arm-gnu-toolchain/bin/../lib/gcc/arm-none-eabi/6.3.1/thumb/v6-m\libgcc.a(_fixunsdfsi.o)
                              hpl/sercom/hpl_sercom.o (__aeabi_d2uiz)
c:/program files (x86)/atmel/studio/7.0/toolchain/arm/arm-gnu-toolchain/bin/../lib/gcc/arm-none-eabi/6.3.1/thumb/v6-m\libgcc.a(_udivmoddi4.o)
                              c:/program files (x86)/atmel/studio/7.0/toolchain/arm/arm-gnu-toolchain/bin/../lib/gcc/arm-none-eabi/6.3.1/thumb/v6-m\libgcc.a(_aeabi_uldivmod.o) (__udivmoddi4)
c:/program files (x86)/atmel/studio/7.0/toolchain/arm/arm-gnu-toolchain/bin/../lib/gcc/arm-none-eabi/6.3.1/thumb/v6-m\libgcc.a(divdf3.o)
                              hpl/sercom/hpl_sercom.o (__aeabi_ddiv)
c:/program files (x86)/atmel/studio/7.0/toolchain/arm/arm-gnu-toolchain/bin/../lib/gcc/arm-none-eabi/6.3.1/thumb/v6-m\libgcc.a(muldf3.o)
                              hpl/sercom/hpl_sercom.o (__aeabi_dmul)
c:/program files (x86)/atmel/studio/7.0/toolchain/arm/arm-gnu-toolchain/bin/../lib/gcc/arm-none-eabi/6.3.1/thumb/v6-m\libgcc.a(subdf3.o)
                              hpl/sercom/hpl_sercom.o (__aeabi_dsub)
c:/program files (x86)/atmel/studio/7.0/toolchain/arm/arm-gnu-toolchain/bin/../lib/gcc/arm-none-eabi/6.3.1/thumb/v6-m\libgcc.a(fixdfsi.o)
                              c:/program files (x86)/atmel/studio/7.0/toolchain/arm/arm-gnu-toolchain/bin/../lib/gcc/arm-none-eabi/6.3.1/thumb/v6-m\libgcc.a(_fixunsdfsi.o) (__aeabi_d2iz)
c:/program files (x86)/atmel/studio/7.0/toolchain/arm/arm-gnu-toolchain/bin/../lib/gcc/arm-none-eabi/6.3.1/thumb/v6-m\libgcc.a(floatsidf.o)
                              hpl/sercom/hpl_sercom.o (__aeabi_i2d)
c:/program files (x86)/atmel/studio/7.0/toolchain/arm/arm-gnu-toolchain/bin/../lib/gcc/arm-none-eabi/6.3.1/thumb/v6-m\libgcc.a(floatunsidf.o)
                              hpl/sercom/hpl_sercom.o (__aeabi_ui2d)
c:/program files (x86)/atmel/studio/7.0/toolchain/arm/arm-gnu-toolchain/bin/../lib/gcc/arm-none-eabi/6.3.1/thumb/v6-m\libgcc.a(_arm_cmpdf2.o)
                              c:/program files (x86)/atmel/studio/7.0/toolchain/arm/arm-gnu-toolchain/bin/../lib/gcc/arm-none-eabi/6.3.1/thumb/v6-m\libgcc.a(_fixunsdfsi.o) (__aeabi_dcmpge)
c:/program files (x86)/atmel/studio/7.0/toolchain/arm/arm-gnu-toolchain/bin/../lib/gcc/arm-none-eabi/6.3.1/thumb/v6-m\libgcc.a(_clzsi2.o)
                              c:/program files (x86)/atmel/studio/7.0/toolchain/arm/arm-gnu-toolchain/bin/../lib/gcc/arm-none-eabi/6.3.1/thumb/v6-m\libgcc.a(divdf3.o) (__clzsi2)
c:/program files (x86)/atmel/studio/7.0/toolchain/arm/arm-gnu-toolchain/bin/../lib/gcc/arm-none-eabi/6.3.1/thumb/v6-m\libgcc.a(_clzdi2.o)
                              c:/program files (x86)/atmel/studio/7.0/toolchain/arm/arm-gnu-toolchain/bin/../lib/gcc/arm-none-eabi/6.3.1/thumb/v6-m\libgcc.a(_udivmoddi4.o) (__clzdi2)
c:/program files (x86)/atmel/studio/7.0/toolchain/arm/arm-gnu-toolchain/bin/../lib/gcc/arm-none-eabi/6.3.1/thumb/v6-m\libgcc.a(eqdf2.o)
                              c:/program files (x86)/atmel/studio/7.0/toolchain/arm/arm-gnu-toolchain/bin/../lib/gcc/arm-none-eabi/6.3.1/thumb/v6-m\libgcc.a(_arm_cmpdf2.o) (__eqdf2)
c:/program files (x86)/atmel/studio/7.0/toolchain/arm/arm-gnu-toolchain/bin/../lib/gcc/arm-none-eabi/6.3.1/thumb/v6-m\libgcc.a(gedf2.o)
                              c:/program files (x86)/atmel/studio/7.0/toolchain/arm/arm-gnu-toolchain/bin/../lib/gcc/arm-none-eabi/6.3.1/thumb/v6-m\libgcc.a(_arm_cmpdf2.o) (__gedf2)
c:/program files (x86)/atmel/studio/7.0/toolchain/arm/arm-gnu-toolchain/bin/../lib/gcc/arm-none-eabi/6.3.1/thumb/v6-m\libgcc.a(ledf2.o)
                              c:/program files (x86)/atmel/studio/7.0/toolchain/arm/arm-gnu-toolchain/bin/../lib/gcc/arm-none-eabi/6.3.1/thumb/v6-m\libgcc.a(_arm_cmpdf2.o) (__ledf2)
[...]
Memory Configuration

Name             Origin             Length             Attributes
rom              0x00000000         0x00040000         xr
ram              0x20000000         0x00008000         xrw
lpram            0x30000000         0x00002000         xrw
*default*        0x00000000         0xffffffff

Linker script and memory map

LOAD c:/program files (x86)/atmel/studio/7.0/toolchain/arm/arm-gnu-toolchain/bin/../lib/gcc/arm-none-eabi/6.3.1/thumb/v6-m/crti.o
LOAD c:/program files (x86)/atmel/studio/7.0/toolchain/arm/arm-gnu-toolchain/bin/../lib/gcc/arm-none-eabi/6.3.1/thumb/v6-m/crtbegin.o
LOAD c:/program files (x86)/atmel/studio/7.0/toolchain/arm/arm-gnu-toolchain/bin/../lib/gcc/arm-none-eabi/6.3.1/../../../../arm-none-eabi/lib/thumb/v6-m/crt0.o
LOAD atmel_start.o
LOAD Device_Startup/startup_saml21.o
LOAD Device_Startup/system_saml21.o
LOAD driver_init.o
LOAD examples/driver_examples.o
LOAD hal/src/hal_atomic.o
LOAD hal/src/hal_dac_sync.o
LOAD hal/src/hal_delay.o
LOAD hal/src/hal_gpio.o
LOAD hal/src/hal_init.o
LOAD hal/src/hal_io.o
LOAD hal/src/hal_sleep.o
LOAD hal/src/hal_timer.o
LOAD hal/src/hal_usart_sync.o
LOAD hal/utils/src/utils_assert.o
LOAD hal/utils/src/utils_event.o
LOAD hal/utils/src/utils_list.o
LOAD hal/utils/src/utils_syscalls.o
LOAD hpl/core/hpl_core_m0plus_base.o
LOAD hpl/core/hpl_init.o
LOAD hpl/dac/hpl_dac.o
LOAD hpl/dmac/hpl_dmac.o
LOAD hpl/gclk/hpl_gclk.o
LOAD hpl/mclk/hpl_mclk.o
LOAD hpl/osc32kctrl/hpl_osc32kctrl.o
LOAD hpl/oscctrl/hpl_oscctrl.o
LOAD hpl/pm/hpl_pm.o
LOAD hpl/sercom/hpl_sercom.o
LOAD hpl/tc/hpl_tc.o
LOAD main.o
LOAD stdio_redirect/gcc/read.o
LOAD stdio_redirect/gcc/write.o
LOAD stdio_redirect/stdio_io.o
LOAD stdio_start.o
START GROUP
LOAD c:/program files (x86)/atmel/studio/7.0/toolchain/arm/arm-gnu-toolchain/bin/../lib/gcc/arm-none-eabi/6.3.1/../../../../arm-none-eabi/lib/thumb/v6-m\libm.a
END GROUP
START GROUP
LOAD c:/program files (x86)/atmel/studio/7.0/toolchain/arm/arm-gnu-toolchain/bin/../lib/gcc/arm-none-eabi/6.3.1/thumb/v6-m\libgcc.a
LOAD c:/program files (x86)/atmel/studio/7.0/toolchain/arm/arm-gnu-toolchain/bin/../lib/gcc/arm-none-eabi/6.3.1/../../../../arm-none-eabi/lib/thumb/v6-m\libc_nano.a
END GROUP
START GROUP
LOAD c:/program files (x86)/atmel/studio/7.0/toolchain/arm/arm-gnu-toolchain/bin/../lib/gcc/arm-none-eabi/6.3.1/thumb/v6-m\libgcc.a
LOAD c:/program files (x86)/atmel/studio/7.0/toolchain/arm/arm-gnu-toolchain/bin/../lib/gcc/arm-none-eabi/6.3.1/../../../../arm-none-eabi/lib/thumb/v6-m\libc_nano.a
END GROUP
LOAD c:/program files (x86)/atmel/studio/7.0/toolchain/arm/arm-gnu-toolchain/bin/../lib/gcc/arm-none-eabi/6.3.1/thumb/v6-m/crtend.o
LOAD c:/program files (x86)/atmel/studio/7.0/toolchain/arm/arm-gnu-toolchain/bin/../lib/gcc/arm-none-eabi/6.3.1/thumb/v6-m/crtn.o
                0x00002000                STACK_SIZE = DEFINED (STACK_SIZE)?STACK_SIZE:DEFINED (__stack_size__)?__stack_size__:0x2000

.text           0x00000000     0x1c00
                0x00000000                . = ALIGN (0x4)
                0x00000000                _sfixed = .
 *(.vectors .vectors.*)
 .vectors       0x00000000       0xb4 Device_Startup/startup_saml21.o
                0x00000000                exception_table
 *(.text .text.* .gnu.linkonce.t.*)
 .text          0x000000b4       0x60 c:/program files (x86)/atmel/studio/7.0/toolchain/arm/arm-gnu-toolchain/bin/../lib/gcc/arm-none-eabi/6.3.1/thumb/v6-m/crtbegin.o
 .text.atmel_start_init
                0x00000114       0x14 atmel_start.o
                0x00000114                atmel_start_init
 .text.Dummy_Handler
                0x00000128        0x2 Device_Startup/startup_saml21.o
                0x00000128                SVCall_Handler
                0x00000128                DMAC_Handler
                0x00000128                TRNG_Handler
                0x00000128                HardFault_Handler
                0x00000128                TC2_Handler
                0x00000128                AC_Handler
                0x00000128                SysTick_Handler
                0x00000128                PendSV_Handler
                0x00000128                SERCOM1_Handler
                0x00000128                ADC_Handler
                0x00000128                NonMaskableInt_Handler
                0x00000128                TCC1_Handler
                0x00000128                SERCOM2_Handler
                0x00000128                TCC0_Handler
                0x00000128                RTC_Handler
                0x00000128                EIC_Handler
                0x00000128                WDT_Handler
                0x00000128                TC4_Handler
                0x00000128                TC1_Handler
                0x00000128                USB_Handler
                0x00000128                TC3_Handler
                0x00000128                Dummy_Handler
                0x00000128                SERCOM5_Handler
                0x00000128                TCC2_Handler
                0x00000128                EVSYS_Handler
                0x00000128                SERCOM3_Handler
                0x00000128                SERCOM4_Handler
                0x00000128                NVMCTRL_Handler
                0x00000128                SYSTEM_Handler
                0x00000128                SERCOM0_Handler
                0x00000128                DAC_Handler
                0x00000128                PTC_Handler
                0x00000128                AES_Handler
 *fill*         0x0000012a        0x2 
 .text.Reset_Handler
                0x0000012c       0x74 Device_Startup/startup_saml21.o
                0x0000012c                Reset_Handler
 .text.TIMER_0_init
                0x000001a0       0x40 driver_init.o
 .text.TARGET_IO_PORT_init
                0x000001e0       0x44 driver_init.o
                0x000001e0                TARGET_IO_PORT_init
 .text.TARGET_IO_CLOCK_init
                0x00000224       0x24 driver_init.o
                0x00000224                TARGET_IO_CLOCK_init
 .text.TARGET_IO_init
                0x00000248       0x2c driver_init.o
                0x00000248                TARGET_IO_init
 .text.DAC_0_PORT_init
                0x00000274       0x68 driver_init.o
                0x00000274                DAC_0_PORT_init
 .text.DAC_0_CLOCK_init
                0x000002dc       0x20 driver_init.o
                0x000002dc                DAC_0_CLOCK_init
 .text.DAC_0_init
                0x000002fc       0x28 driver_init.o
                0x000002fc                DAC_0_init
 .text.system_init
                0x00000324       0x24 driver_init.o
                0x00000324                system_init
 .text.atomic_enter_critical
                0x00000348        0xe hal/src/hal_atomic.o
                0x00000348                atomic_enter_critical
 .text.atomic_leave_critical
                0x00000356        0xc hal/src/hal_atomic.o
                0x00000356                atomic_leave_critical
 *fill*         0x00000362        0x2 
 .text.dac_sync_init
                0x00000364       0x50 hal/src/hal_dac_sync.o
                0x00000364                dac_sync_init
 .text.dac_sync_enable_channel
                0x000003b4       0x38 hal/src/hal_dac_sync.o
                0x000003b4                dac_sync_enable_channel
 .text.io_write
                0x000003ec       0x38 hal/src/hal_io.o
                0x000003ec                io_write
 .text.io_read  0x00000424       0x38 hal/src/hal_io.o
                0x00000424                io_read
 .text.timer_add_timer_task
                0x0000045c       0x58 hal/src/hal_timer.o
 .text.timer_process_counted
                0x000004b4       0x64 hal/src/hal_timer.o
 .text.timer_init
                0x00000518       0x44 hal/src/hal_timer.o
                0x00000518                timer_init
 .text.timer_start
                0x0000055c       0x3c hal/src/hal_timer.o
                0x0000055c                timer_start
 .text.timer_add_task
                0x00000598       0xb0 hal/src/hal_timer.o
                0x00000598                timer_add_task
 .text.usart_sync_write
                0x00000648       0x74 hal/src/hal_usart_sync.o
 .text.usart_sync_read
                0x000006bc       0x6c hal/src/hal_usart_sync.o
 .text.usart_sync_init
                0x00000728       0x4c hal/src/hal_usart_sync.o
                0x00000728                usart_sync_init
 .text.usart_sync_enable
                0x00000774       0x2c hal/src/hal_usart_sync.o
                0x00000774                usart_sync_enable
 .text.assert   0x000007a0        0x8 hal/utils/src/utils_assert.o
                0x000007a0                assert
 .text.is_list_element
                0x000007a8       0x16 hal/utils/src/utils_list.o
                0x000007a8                is_list_element
 *fill*         0x000007be        0x2 
 .text.list_insert_as_head
                0x000007c0       0x2c hal/utils/src/utils_list.o
                0x000007c0                list_insert_as_head
 .text.list_insert_after
                0x000007ec        0x8 hal/utils/src/utils_list.o
                0x000007ec                list_insert_after
 .text.list_remove_head
                0x000007f4       0x12 hal/utils/src/utils_list.o
                0x000007f4                list_remove_head
 *fill*         0x00000806        0x2 
 .text._sbrk    0x00000808       0x24 hal/utils/src/utils_syscalls.o
                0x00000808                _sbrk
 .text._close   0x0000082c        0x6 hal/utils/src/utils_syscalls.o
                0x0000082c                _close
 .text._fstat   0x00000832        0xa hal/utils/src/utils_syscalls.o
                0x00000832                _fstat
 .text._lseek   0x0000083c        0x4 hal/utils/src/utils_syscalls.o
                0x0000083c                _lseek
 .text._irq_set
                0x00000840       0x1c hpl/core/hpl_core_m0plus_base.o
                0x00000840                _irq_set
 .text._init_chip
                0x0000085c       0x44 hpl/core/hpl_init.o
                0x0000085c                _init_chip
 .text._dac_init
                0x000008a0       0x7c hpl/dac/hpl_dac.o
 .text._dac_sync_init
                0x0000091c       0x2c hpl/dac/hpl_dac.o
                0x0000091c                _dac_sync_init
 .text._dac_sync_enable_channel
                0x00000948       0x52 hpl/dac/hpl_dac.o
                0x00000948                _dac_sync_enable_channel
 .text._dac_sync_is_channel_enable
                0x0000099a       0x20 hpl/dac/hpl_dac.o
                0x0000099a                _dac_sync_is_channel_enable
 .text._dac_sync_write_data
                0x000009ba       0x12 hpl/dac/hpl_dac.o
                0x000009ba                _dac_sync_write_data
 .text._gclk_init_generators_by_fref
                0x000009cc       0x54 hpl/gclk/hpl_gclk.o
                0x000009cc                _gclk_init_generators_by_fref
 .text._mclk_init
                0x00000a20       0x14 hpl/mclk/hpl_mclk.o
                0x00000a20                _mclk_init
 .text._osc32kctrl_init_sources
                0x00000a34       0x1c hpl/osc32kctrl/hpl_osc32kctrl.o
                0x00000a34                _osc32kctrl_init_sources
 .text._oscctrl_init_sources
                0x00000a50       0x38 hpl/oscctrl/hpl_oscctrl.o
                0x00000a50                _oscctrl_init_sources
 .text._oscctrl_init_referenced_generators
                0x00000a88        0x2 hpl/oscctrl/hpl_oscctrl.o
                0x00000a88                _oscctrl_init_referenced_generators
 .text._set_performance_level
                0x00000a8a       0x2e hpl/pm/hpl_pm.o
                0x00000a8a                _set_performance_level
 .text._sercom_get_hardware_index
                0x00000ab8       0x1c hpl/sercom/hpl_sercom.o
 .text._get_sercom_index
                0x00000ad4       0x44 hpl/sercom/hpl_sercom.o
 .text._usart_init
                0x00000b18       0xf0 hpl/sercom/hpl_sercom.o
 .text._usart_sync_init
                0x00000c08       0x2c hpl/sercom/hpl_sercom.o
                0x00000c08                _usart_sync_init
 .text._usart_sync_enable
                0x00000c34       0x12 hpl/sercom/hpl_sercom.o
                0x00000c34                _usart_sync_enable
 .text._usart_sync_write_byte
                0x00000c46        0x8 hpl/sercom/hpl_sercom.o
                0x00000c46                _usart_sync_write_byte
 .text._usart_sync_read_byte
                0x00000c4e        0x8 hpl/sercom/hpl_sercom.o
                0x00000c4e                _usart_sync_read_byte
 .text._usart_sync_is_ready_to_send
                0x00000c56        0xa hpl/sercom/hpl_sercom.o
                0x00000c56                _usart_sync_is_ready_to_send
 .text._usart_sync_is_transmit_done
                0x00000c60        0xc hpl/sercom/hpl_sercom.o
                0x00000c60                _usart_sync_is_transmit_done
 .text._usart_sync_is_byte_received
                0x00000c6c        0xc hpl/sercom/hpl_sercom.o
                0x00000c6c                _usart_sync_is_byte_received
 .text.tc_interrupt_handler
                0x00000c78       0x16 hpl/tc/hpl_tc.o
 *fill*         0x00000c8e        0x2 
 .text._tc_init_irq_param
                0x00000c90       0x18 hpl/tc/hpl_tc.o
 .text.get_tc_index
                0x00000ca8       0x5c hpl/tc/hpl_tc.o
 .text._timer_init
                0x00000d04      0x19c hpl/tc/hpl_tc.o
                0x00000d04                _timer_init
 .text._timer_start
                0x00000ea0       0x12 hpl/tc/hpl_tc.o
                0x00000ea0                _timer_start
 .text._timer_is_started
                0x00000eb2       0x12 hpl/tc/hpl_tc.o
                0x00000eb2                _timer_is_started
 .text._tc_get_timer
                0x00000ec4        0x4 hpl/tc/hpl_tc.o
                0x00000ec4                _tc_get_timer
 .text._timer_set_irq
                0x00000ec8       0x3c hpl/tc/hpl_tc.o
                0x00000ec8                _timer_set_irq
 .text.TC0_Handler
                0x00000f04       0x14 hpl/tc/hpl_tc.o
                0x00000f04                TC0_Handler
 .text.TIMER_0_task1_cb
                0x00000f18       0x5c main.o
 .text.main     0x00000f74       0x50 main.o
                0x00000f74                main
 .text._read    0x00000fc4       0x28 stdio_redirect/gcc/read.o
                0x00000fc4                _read
 .text._write   0x00000fec       0x28 stdio_redirect/gcc/write.o
                0x00000fec                _write
 .text.stdio_io_init
                0x00001014       0x2c stdio_redirect/stdio_io.o
                0x00001014                stdio_io_init
 .text.stdio_io_read
                0x00001040       0x24 stdio_redirect/stdio_io.o
                0x00001040                stdio_io_read
 .text.stdio_io_write
                0x00001064       0x24 stdio_redirect/stdio_io.o
                0x00001064                stdio_io_write
 .text.stdio_redirect_init
                0x00001088       0x20 stdio_start.o
                0x00001088                stdio_redirect_init
 .text.__libc_init_array
                0x000010a8       0x48 c:/program files (x86)/atmel/studio/7.0/toolchain/arm/arm-gnu-toolchain/bin/../lib/gcc/arm-none-eabi/6.3.1/../../../../arm-none-eabi/lib/thumb/v6-m\libc_nano.a(lib_a-init.o)
                0x000010a8                __libc_init_array
 .text.memset   0x000010f0       0x10 c:/program files (x86)/atmel/studio/7.0/toolchain/arm/arm-gnu-toolchain/bin/../lib/gcc/arm-none-eabi/6.3.1/../../../../arm-none-eabi/lib/thumb/v6-m\libc_nano.a(lib_a-memset.o)
                0x000010f0                memset
 .text.setbuf   0x00001100       0x12 c:/program files (x86)/atmel/studio/7.0/toolchain/arm/arm-gnu-toolchain/bin/../lib/gcc/arm-none-eabi/6.3.1/../../../../arm-none-eabi/lib/thumb/v6-m\libc_nano.a(lib_a-setbuf.o)
                0x00001100                setbuf
 *fill*         0x00001112        0x2 
 .text.setvbuf  0x00001114      0x158 c:/program files (x86)/atmel/studio/7.0/toolchain/arm/arm-gnu-toolchain/bin/../lib/gcc/arm-none-eabi/6.3.1/../../../../arm-none-eabi/lib/thumb/v6-m\libc_nano.a(lib_a-setvbuf.o)
                0x00001114                setvbuf
 .text.__sflush_r
                0x0000126c      0x114 c:/program files (x86)/atmel/studio/7.0/toolchain/arm/arm-gnu-toolchain/bin/../lib/gcc/arm-none-eabi/6.3.1/../../../../arm-none-eabi/lib/thumb/v6-m\libc_nano.a(lib_a-fflush.o)
                0x0000126c                __sflush_r
 .text._fflush_r
                0x00001380       0x58 c:/program files (x86)/atmel/studio/7.0/toolchain/arm/arm-gnu-toolchain/bin/../lib/gcc/arm-none-eabi/6.3.1/../../../../arm-none-eabi/lib/thumb/v6-m\libc_nano.a(lib_a-fflush.o)
                0x00001380                _fflush_r
 .text._cleanup_r
                0x000013d8       0x10 c:/program files (x86)/atmel/studio/7.0/toolchain/arm/arm-gnu-toolchain/bin/../lib/gcc/arm-none-eabi/6.3.1/../../../../arm-none-eabi/lib/thumb/v6-m\libc_nano.a(lib_a-findfp.o)
                0x000013d8                _cleanup_r
 .text.std.isra.0
                0x000013e8       0x48 c:/program files (x86)/atmel/studio/7.0/toolchain/arm/arm-gnu-toolchain/bin/../lib/gcc/arm-none-eabi/6.3.1/../../../../arm-none-eabi/lib/thumb/v6-m\libc_nano.a(lib_a-findfp.o)
 .text.__sfmoreglue
                0x00001430       0x2c c:/program files (x86)/atmel/studio/7.0/toolchain/arm/arm-gnu-toolchain/bin/../lib/gcc/arm-none-eabi/6.3.1/../../../../arm-none-eabi/lib/thumb/v6-m\libc_nano.a(lib_a-findfp.o)
                0x00001430                __sfmoreglue
 .text.__sinit  0x0000145c       0x68 c:/program files (x86)/atmel/studio/7.0/toolchain/arm/arm-gnu-toolchain/bin/../lib/gcc/arm-none-eabi/6.3.1/../../../../arm-none-eabi/lib/thumb/v6-m\libc_nano.a(lib_a-findfp.o)
                0x0000145c                __sinit
 .text.__sfp    0x000014c4       0x80 c:/program files (x86)/atmel/studio/7.0/toolchain/arm/arm-gnu-toolchain/bin/../lib/gcc/arm-none-eabi/6.3.1/../../../../arm-none-eabi/lib/thumb/v6-m\libc_nano.a(lib_a-findfp.o)
                0x000014c4                __sfp
 .text._fwalk_reent
                0x00001544       0x42 c:/program files (x86)/atmel/studio/7.0/toolchain/arm/arm-gnu-toolchain/bin/../lib/gcc/arm-none-eabi/6.3.1/../../../../arm-none-eabi/lib/thumb/v6-m\libc_nano.a(lib_a-fwalk.o)
                0x00001544                _fwalk_reent
 *fill*         0x00001586        0x2 
 .text.__swhatbuf_r
                0x00001588       0x50 c:/program files (x86)/atmel/studio/7.0/toolchain/arm/arm-gnu-toolchain/bin/../lib/gcc/arm-none-eabi/6.3.1/../../../../arm-none-eabi/lib/thumb/v6-m\libc_nano.a(lib_a-makebuf.o)
                0x00001588                __swhatbuf_r
 .text.malloc   0x000015d8       0x14 c:/program files (x86)/atmel/studio/7.0/toolchain/arm/arm-gnu-toolchain/bin/../lib/gcc/arm-none-eabi/6.3.1/../../../../arm-none-eabi/lib/thumb/v6-m\libc_nano.a(lib_a-malloc.o)
                0x000015d8                malloc
 .text._free_r  0x000015ec       0x94 c:/program files (x86)/atmel/studio/7.0/toolchain/arm/arm-gnu-toolchain/bin/../lib/gcc/arm-none-eabi/6.3.1/../../../../arm-none-eabi/lib/thumb/v6-m\libc_nano.a(lib_a-nano-freer.o)
                0x000015ec                _free_r
 .text._malloc_r
                0x00001680       0xbc c:/program files (x86)/atmel/studio/7.0/toolchain/arm/arm-gnu-toolchain/bin/../lib/gcc/arm-none-eabi/6.3.1/../../../../arm-none-eabi/lib/thumb/v6-m\libc_nano.a(lib_a-nano-mallocr.o)
                0x00001680                _malloc_r
 .text._sbrk_r  0x0000173c       0x24 c:/program files (x86)/atmel/studio/7.0/toolchain/arm/arm-gnu-toolchain/bin/../lib/gcc/arm-none-eabi/6.3.1/../../../../arm-none-eabi/lib/thumb/v6-m\libc_nano.a(lib_a-sbrkr.o)
                0x0000173c                _sbrk_r
 .text.__sread  0x00001760       0x28 c:/program files (x86)/atmel/studio/7.0/toolchain/arm/arm-gnu-toolchain/bin/../lib/gcc/arm-none-eabi/6.3.1/../../../../arm-none-eabi/lib/thumb/v6-m\libc_nano.a(lib_a-stdio.o)
                0x00001760                __sread
 .text.__swrite
                0x00001788       0x38 c:/program files (x86)/atmel/studio/7.0/toolchain/arm/arm-gnu-toolchain/bin/../lib/gcc/arm-none-eabi/6.3.1/../../../../arm-none-eabi/lib/thumb/v6-m\libc_nano.a(lib_a-stdio.o)
                0x00001788                __swrite
 .text.__sseek  0x000017c0       0x2c c:/program files (x86)/atmel/studio/7.0/toolchain/arm/arm-gnu-toolchain/bin/../lib/gcc/arm-none-eabi/6.3.1/../../../../arm-none-eabi/lib/thumb/v6-m\libc_nano.a(lib_a-stdio.o)
                0x000017c0                __sseek
 .text.__sclose
                0x000017ec        0xc c:/program files (x86)/atmel/studio/7.0/toolchain/arm/arm-gnu-toolchain/bin/../lib/gcc/arm-none-eabi/6.3.1/../../../../arm-none-eabi/lib/thumb/v6-m\libc_nano.a(lib_a-stdio.o)
                0x000017ec                __sclose
 .text._write_r
                0x000017f8       0x28 c:/program files (x86)/atmel/studio/7.0/toolchain/arm/arm-gnu-toolchain/bin/../lib/gcc/arm-none-eabi/6.3.1/../../../../arm-none-eabi/lib/thumb/v6-m\libc_nano.a(lib_a-writer.o)
                0x000017f8                _write_r
 .text._close_r
                0x00001820       0x24 c:/program files (x86)/atmel/studio/7.0/toolchain/arm/arm-gnu-toolchain/bin/../lib/gcc/arm-none-eabi/6.3.1/../../../../arm-none-eabi/lib/thumb/v6-m\libc_nano.a(lib_a-closer.o)
                0x00001820                _close_r
 .text._fstat_r
                0x00001844       0x24 c:/program files (x86)/atmel/studio/7.0/toolchain/arm/arm-gnu-toolchain/bin/../lib/gcc/arm-none-eabi/6.3.1/../../../../arm-none-eabi/lib/thumb/v6-m\libc_nano.a(lib_a-fstatr.o)
                0x00001844                _fstat_r
 .text._lseek_r
                0x00001868       0x28 c:/program files (x86)/atmel/studio/7.0/toolchain/arm/arm-gnu-toolchain/bin/../lib/gcc/arm-none-eabi/6.3.1/../../../../arm-none-eabi/lib/thumb/v6-m\libc_nano.a(lib_a-lseekr.o)
                0x00001868                _lseek_r
 .text.__malloc_lock
                0x00001890        0x2 c:/program files (x86)/atmel/studio/7.0/toolchain/arm/arm-gnu-toolchain/bin/../lib/gcc/arm-none-eabi/6.3.1/../../../../arm-none-eabi/lib/thumb/v6-m\libc_nano.a(lib_a-mlock.o)
                0x00001890                __malloc_lock
 .text.__malloc_unlock
                0x00001892        0x2 c:/program files (x86)/atmel/studio/7.0/toolchain/arm/arm-gnu-toolchain/bin/../lib/gcc/arm-none-eabi/6.3.1/../../../../arm-none-eabi/lib/thumb/v6-m\libc_nano.a(lib_a-mlock.o)
                0x00001892                __malloc_unlock
 .text._read_r  0x00001894       0x28 c:/program files (x86)/atmel/studio/7.0/toolchain/arm/arm-gnu-toolchain/bin/../lib/gcc/arm-none-eabi/6.3.1/../../../../arm-none-eabi/lib/thumb/v6-m\libc_nano.a(lib_a-readr.o)
                0x00001894                _read_r
 *(.glue_7t)
 .glue_7t       0x000018bc        0x0 linker stubs
 *(.glue_7)
 .glue_7        0x000018bc        0x0 linker stubs
 *(.rodata .rodata* .gnu.linkonce.r.*)
 .rodata.str1.4
                0x000018bc       0x1a hal/src/hal_dac_sync.o
 *fill*         0x000018d6        0x2 
 .rodata.str1.4
                0x000018d8       0x14 hal/src/hal_io.o
 .rodata.str1.4
                0x000018ec       0x17 hal/src/hal_timer.o
 *fill*         0x00001903        0x1 
 .rodata.str1.4
                0x00001904       0x1c hal/src/hal_usart_sync.o
 .rodata.str1.4
                0x00001920       0x1e hal/utils/src/utils_list.o
 *fill*         0x0000193e        0x2 
 .rodata.str1.4
                0x00001940       0x15 hpl/dac/hpl_dac.o
 *fill*         0x00001955        0x3 
 .rodata        0x00001958       0x4d hpl/sercom/hpl_sercom.o
 *fill*         0x000019a5        0x3 
 .rodata.str1.4
                0x000019a8       0x1b hpl/sercom/hpl_sercom.o
 *fill*         0x000019c3        0x1 
 .rodata        0x000019c4       0x14 hpl/tc/hpl_tc.o
 .rodata.str1.4
                0x000019d8       0x14 hpl/tc/hpl_tc.o
                                 0x13 (size before relaxing)
 .rodata        0x000019ec      0x190 main.o
                0x000019ec                sine_wave
                0x00001ab4                triangle_wave
 .rodata._global_impure_ptr
                0x00001b7c        0x4 c:/program files (x86)/atmel/studio/7.0/toolchain/arm/arm-gnu-toolchain/bin/../lib/gcc/arm-none-eabi/6.3.1/../../../../arm-none-eabi/lib/thumb/v6-m\libc_nano.a(lib_a-impure.o)
                0x00001b7c                _global_impure_ptr
 .rodata.__sf_fake_stderr
                0x00001b80       0x20 c:/program files (x86)/atmel/studio/7.0/toolchain/arm/arm-gnu-toolchain/bin/../lib/gcc/arm-none-eabi/6.3.1/../../../../arm-none-eabi/lib/thumb/v6-m\libc_nano.a(lib_a-findfp.o)
                0x00001b80                __sf_fake_stderr
 .rodata.__sf_fake_stdin
                0x00001ba0       0x20 c:/program files (x86)/atmel/studio/7.0/toolchain/arm/arm-gnu-toolchain/bin/../lib/gcc/arm-none-eabi/6.3.1/../../../../arm-none-eabi/lib/thumb/v6-m\libc_nano.a(lib_a-findfp.o)
                0x00001ba0                __sf_fake_stdin
 .rodata.__sf_fake_stdout
                0x00001bc0       0x20 c:/program files (x86)/atmel/studio/7.0/toolchain/arm/arm-gnu-toolchain/bin/../lib/gcc/arm-none-eabi/6.3.1/../../../../arm-none-eabi/lib/thumb/v6-m\libc_nano.a(lib_a-findfp.o)
                0x00001bc0                __sf_fake_stdout
 *(.ARM.extab* .gnu.linkonce.armextab.*)
                0x00001be0                . = ALIGN (0x4)
 *(.init)
 .init          0x00001be0        0x4 c:/program files (x86)/atmel/studio/7.0/toolchain/arm/arm-gnu-toolchain/bin/../lib/gcc/arm-none-eabi/6.3.1/thumb/v6-m/crti.o
                0x00001be0                _init
 .init          0x00001be4        0x8 c:/program files (x86)/atmel/studio/7.0/toolchain/arm/arm-gnu-toolchain/bin/../lib/gcc/arm-none-eabi/6.3.1/thumb/v6-m/crtn.o
                0x00001bec                . = ALIGN (0x4)
                0x00001bec                __preinit_array_start = .
 *(.preinit_array)
                0x00001bec                __preinit_array_end = .
                0x00001bec                . = ALIGN (0x4)
                0x00001bec                __init_array_start = .
 *(SORT(.init_array.*))
 *(.init_array)
 .init_array    0x00001bec        0x4 c:/program files (x86)/atmel/studio/7.0/toolchain/arm/arm-gnu-toolchain/bin/../lib/gcc/arm-none-eabi/6.3.1/thumb/v6-m/crtbegin.o
                0x00001bf0                __init_array_end = .
                0x00001bf0                . = ALIGN (0x4)
 *crtbegin.o(.ctors)
 *(EXCLUDE_FILE(*crtend.o) .ctors)
 *(SORT(.ctors.*))
 *crtend.o(.ctors)
                0x00001bf0                . = ALIGN (0x4)
 *(.fini)
 .fini          0x00001bf0        0x4 c:/program files (x86)/atmel/studio/7.0/toolchain/arm/arm-gnu-toolchain/bin/../lib/gcc/arm-none-eabi/6.3.1/thumb/v6-m/crti.o
                0x00001bf0                _fini
 .fini          0x00001bf4        0x8 c:/program files (x86)/atmel/studio/7.0/toolchain/arm/arm-gnu-toolchain/bin/../lib/gcc/arm-none-eabi/6.3.1/thumb/v6-m/crtn.o
                0x00001bfc                . = ALIGN (0x4)
                0x00001bfc                __fini_array_start = .
 *(.fini_array)
 .fini_array    0x00001bfc        0x4 c:/program files (x86)/atmel/studio/7.0/toolchain/arm/arm-gnu-toolchain/bin/../lib/gcc/arm-none-eabi/6.3.1/thumb/v6-m/crtbegin.o
 *(SORT(.fini_array.*))
                0x00001c00                __fini_array_end = .
 *crtbegin.o(.dtors)
 *(EXCLUDE_FILE(*crtend.o) .dtors)
 *(SORT(.dtors.*))
 *crtend.o(.dtors)
                0x00001c00                . = ALIGN (0x4)
                0x00001c00                _efixed = .
                [!provide]                PROVIDE (__exidx_start, .)

.vfp11_veneer   0x00001c00        0x0
 .vfp11_veneer  0x00001c00        0x0 linker stubs

.v4_bx          0x00001c00        0x0
 .v4_bx         0x00001c00        0x0 linker stubs

.iplt           0x00001c00        0x0
 .iplt          0x00001c00        0x0 c:/program files (x86)/atmel/studio/7.0/toolchain/arm/arm-gnu-toolchain/bin/../lib/gcc/arm-none-eabi/6.3.1/thumb/v6-m/crtbegin.o

.eh_frame       0x00001c00        0x0
 .eh_frame      0x00001c00        0x0 c:/program files (x86)/atmel/studio/7.0/toolchain/arm/arm-gnu-toolchain/bin/../lib/gcc/arm-none-eabi/6.3.1/thumb/v6-m/crtbegin.o

.rel.dyn        0x00001c00        0x0
 .rel.iplt      0x00001c00        0x0 c:/program files (x86)/atmel/studio/7.0/toolchain/arm/arm-gnu-toolchain/bin/../lib/gcc/arm-none-eabi/6.3.1/thumb/v6-m/crtbegin.o

.jcr            0x00001c00        0x0
 .jcr           0x00001c00        0x0 c:/program files (x86)/atmel/studio/7.0/toolchain/arm/arm-gnu-toolchain/bin/../lib/gcc/arm-none-eabi/6.3.1/thumb/v6-m/crtbegin.o

.igot.plt       0x00001c00        0x0
 .igot.plt      0x00001c00        0x0 c:/program files (x86)/atmel/studio/7.0/toolchain/arm/arm-gnu-toolchain/bin/../lib/gcc/arm-none-eabi/6.3.1/thumb/v6-m/crtbegin.o

.ARM.exidx
 *(.ARM.exidx* .gnu.linkonce.armexidx.*)
                [!provide]                PROVIDE (__exidx_end, .)
                0x00001c00                . = ALIGN (0x4)
                0x00001c00                _etext = .

.relocate       0x20000000       0x64 load address 0x00001c00
                0x20000000                . = ALIGN (0x4)
                0x20000000                _srelocate = .
 *(.ramfunc .ramfunc.*)
 *(.data .data.*)
 .data._impure_ptr
                0x20000000        0x4 c:/program files (x86)/atmel/studio/7.0/toolchain/arm/arm-gnu-toolchain/bin/../lib/gcc/arm-none-eabi/6.3.1/../../../../arm-none-eabi/lib/thumb/v6-m\libc_nano.a(lib_a-impure.o)
                0x20000000                _impure_ptr
 .data.impure_data
                0x20000004       0x60 c:/program files (x86)/atmel/studio/7.0/toolchain/arm/arm-gnu-toolchain/bin/../lib/gcc/arm-none-eabi/6.3.1/../../../../arm-none-eabi/lib/thumb/v6-m\libc_nano.a(lib_a-impure.o)
                0x20000064                . = ALIGN (0x4)
                0x20000064                _erelocate = .

.lpram          0x30000000        0x0
                0x30000000                . = ALIGN (0x8)
                0x30000000                _slpram = .
 *(.lpram .lpram.*)
                0x30000000                . = ALIGN (0x8)
                0x30000000                _elpram = .

.bss            0x20000064       0x88 load address 0x00001c64
                0x20000064                . = ALIGN (0x4)
                0x20000064                _sbss = .
                0x20000064                _szero = .
 *(.bss .bss.*)
 .bss           0x20000064       0x1c c:/program files (x86)/atmel/studio/7.0/toolchain/arm/arm-gnu-toolchain/bin/../lib/gcc/arm-none-eabi/6.3.1/thumb/v6-m/crtbegin.o
 .bss           0x20000080        0x4 hal/utils/src/utils_syscalls.o
 .bss           0x20000084        0x4 hpl/tc/hpl_tc.o
 .bss           0x20000088       0x18 main.o
                0x20000088                wave
                0x20000089                sample_number
 .bss           0x200000a0        0x4 stdio_redirect/stdio_io.o
 .bss.__malloc_free_list
                0x200000a4        0x4 c:/program files (x86)/atmel/studio/7.0/toolchain/arm/arm-gnu-toolchain/bin/../lib/gcc/arm-none-eabi/6.3.1/../../../../arm-none-eabi/lib/thumb/v6-m\libc_nano.a(lib_a-nano-mallocr.o)
                0x200000a4                __malloc_free_list
 .bss.__malloc_sbrk_start
                0x200000a8        0x4 c:/program files (x86)/atmel/studio/7.0/toolchain/arm/arm-gnu-toolchain/bin/../lib/gcc/arm-none-eabi/6.3.1/../../../../arm-none-eabi/lib/thumb/v6-m\libc_nano.a(lib_a-nano-mallocr.o)
                0x200000a8                __malloc_sbrk_start
 *(COMMON)
 COMMON         0x200000ac       0x3c driver_init.o
                0x200000ac                TARGET_IO
                0x200000b8                DAC_0
                0x200000cc                TIMER_0
 COMMON         0x200000e8        0x4 c:/program files (x86)/atmel/studio/7.0/toolchain/arm/arm-gnu-toolchain/bin/../lib/gcc/arm-none-eabi/6.3.1/../../../../arm-none-eabi/lib/thumb/v6-m\libc_nano.a(lib_a-reent.o)
                0x200000e8                errno
                0x200000ec                . = ALIGN (0x4)
                0x200000ec                _ebss = .
                0x200000ec                _ezero = .

.stack          0x200000ec     0x2004 load address 0x00001cec
                0x200000f0                . = ALIGN (0x8)
 *fill*         0x200000ec        0x4 
                0x200000f0                _sstack = .
                0x200020f0                . = (. + STACK_SIZE)
 *fill*         0x200000f0     0x2000 
                0x200020f0                . = ALIGN (0x8)
                0x200020f0                _estack = .
                0x200020f0                . = ALIGN (0x4)
                0x200020f0                _end = .
OUTPUT(DAC_sine.elf elf32-littlearm)

.ARM.attributes
                0x00000000       0x28
 .ARM.attributes
                0x00000000       0x1e c:/program files (x86)/atmel/studio/7.0/toolchain/arm/arm-gnu-toolchain/bin/../lib/gcc/arm-none-eabi/6.3.1/thumb/v6-m/crti.o
 .ARM.attributes
                0x0000001e       0x2c c:/program files (x86)/atmel/studio/7.0/toolchain/arm/arm-gnu-toolchain/bin/../lib/gcc/arm-none-eabi/6.3.1/thumb/v6-m/crtbegin.o
 .ARM.attributes
                0x0000004a       0x32 atmel_start.o
 .ARM.attributes
                0x0000007c       0x32 Device_Startup/startup_saml21.o
 .ARM.attributes
                0x000000ae       0x32 driver_init.o
 .ARM.attributes
                0x000000e0       0x32 hal/src/hal_atomic.o
 .ARM.attributes
                0x00000112       0x32 hal/src/hal_dac_sync.o
 .ARM.attributes
                0x00000144       0x32 hal/src/hal_io.o
 .ARM.attributes
                0x00000176       0x32 hal/src/hal_timer.o
 .ARM.attributes
                0x000001a8       0x32 hal/src/hal_usart_sync.o
 .ARM.attributes
                0x000001da       0x32 hal/utils/src/utils_assert.o
 .ARM.attributes
                0x0000020c       0x32 hal/utils/src/utils_list.o
 .ARM.attributes
                0x0000023e       0x32 hal/utils/src/utils_syscalls.o
 .ARM.attributes
                0x00000270       0x32 hpl/core/hpl_core_m0plus_base.o
 .ARM.attributes
                0x000002a2       0x32 hpl/core/hpl_init.o
 .ARM.attributes
                0x000002d4       0x32 hpl/dac/hpl_dac.o
 .ARM.attributes
                0x00000306       0x32 hpl/gclk/hpl_gclk.o
 .ARM.attributes
                0x00000338       0x32 hpl/mclk/hpl_mclk.o
 .ARM.attributes
                0x0000036a       0x32 hpl/osc32kctrl/hpl_osc32kctrl.o
 .ARM.attributes
                0x0000039c       0x32 hpl/oscctrl/hpl_oscctrl.o
 .ARM.attributes
                0x000003ce       0x32 hpl/pm/hpl_pm.o
 .ARM.attributes
                0x00000400       0x32 hpl/sercom/hpl_sercom.o
 .ARM.attributes
                0x00000432       0x32 hpl/tc/hpl_tc.o
 .ARM.attributes
                0x00000464       0x32 main.o
 .ARM.attributes
                0x00000496       0x32 stdio_redirect/gcc/read.o
 .ARM.attributes
                0x000004c8       0x32 stdio_redirect/gcc/write.o
 .ARM.attributes
                0x000004fa       0x32 stdio_redirect/stdio_io.o
 .ARM.attributes
                0x0000052c       0x32 stdio_start.o
 .ARM.attributes
                0x0000055e       0x2c c:/program files (x86)/atmel/studio/7.0/toolchain/arm/arm-gnu-toolchain/bin/../lib/gcc/arm-none-eabi/6.3.1/../../../../arm-none-eabi/lib/thumb/v6-m\libc_nano.a(lib_a-impure.o)
 .ARM.attributes
                0x0000058a       0x2c c:/program files (x86)/atmel/studio/7.0/toolchain/arm/arm-gnu-toolchain/bin/../lib/gcc/arm-none-eabi/6.3.1/../../../../arm-none-eabi/lib/thumb/v6-m\libc_nano.a(lib_a-init.o)
 .ARM.attributes
                0x000005b6       0x2c c:/program files (x86)/atmel/studio/7.0/toolchain/arm/arm-gnu-toolchain/bin/../lib/gcc/arm-none-eabi/6.3.1/../../../../arm-none-eabi/lib/thumb/v6-m\libc_nano.a(lib_a-memset.o)
 .ARM.attributes
                0x000005e2       0x2c c:/program files (x86)/atmel/studio/7.0/toolchain/arm/arm-gnu-toolchain/bin/../lib/gcc/arm-none-eabi/6.3.1/../../../../arm-none-eabi/lib/thumb/v6-m\libc_nano.a(lib_a-setbuf.o)
 .ARM.attributes
                0x0000060e       0x2c c:/program files (x86)/atmel/studio/7.0/toolchain/arm/arm-gnu-toolchain/bin/../lib/gcc/arm-none-eabi/6.3.1/../../../../arm-none-eabi/lib/thumb/v6-m\libc_nano.a(lib_a-setvbuf.o)
 .ARM.attributes
                0x0000063a       0x2c c:/program files (x86)/atmel/studio/7.0/toolchain/arm/arm-gnu-toolchain/bin/../lib/gcc/arm-none-eabi/6.3.1/../../../../arm-none-eabi/lib/thumb/v6-m\libc_nano.a(lib_a-fflush.o)
 .ARM.attributes
                0x00000666       0x2c c:/program files (x86)/atmel/studio/7.0/toolchain/arm/arm-gnu-toolchain/bin/../lib/gcc/arm-none-eabi/6.3.1/../../../../arm-none-eabi/lib/thumb/v6-m\libc_nano.a(lib_a-findfp.o)
 .ARM.attributes
                0x00000692       0x2c c:/program files (x86)/atmel/studio/7.0/toolchain/arm/arm-gnu-toolchain/bin/../lib/gcc/arm-none-eabi/6.3.1/../../../../arm-none-eabi/lib/thumb/v6-m\libc_nano.a(lib_a-fwalk.o)
 .ARM.attributes
                0x000006be       0x2c c:/program files (x86)/atmel/studio/7.0/toolchain/arm/arm-gnu-toolchain/bin/../lib/gcc/arm-none-eabi/6.3.1/../../../../arm-none-eabi/lib/thumb/v6-m\libc_nano.a(lib_a-makebuf.o)
 .ARM.attributes
                0x000006ea       0x2c c:/program files (x86)/atmel/studio/7.0/toolchain/arm/arm-gnu-toolchain/bin/../lib/gcc/arm-none-eabi/6.3.1/../../../../arm-none-eabi/lib/thumb/v6-m\libc_nano.a(lib_a-malloc.o)
 .ARM.attributes
                0x00000716       0x2c c:/program files (x86)/atmel/studio/7.0/toolchain/arm/arm-gnu-toolchain/bin/../lib/gcc/arm-none-eabi/6.3.1/../../../../arm-none-eabi/lib/thumb/v6-m\libc_nano.a(lib_a-nano-freer.o)
 .ARM.attributes
                0x00000742       0x2c c:/program files (x86)/atmel/studio/7.0/toolchain/arm/arm-gnu-toolchain/bin/../lib/gcc/arm-none-eabi/6.3.1/../../../../arm-none-eabi/lib/thumb/v6-m\libc_nano.a(lib_a-nano-mallocr.o)
 .ARM.attributes
                0x0000076e       0x2c c:/program files (x86)/atmel/studio/7.0/toolchain/arm/arm-gnu-toolchain/bin/../lib/gcc/arm-none-eabi/6.3.1/../../../../arm-none-eabi/lib/thumb/v6-m\libc_nano.a(lib_a-sbrkr.o)
 .ARM.attributes
                0x0000079a       0x2c c:/program files (x86)/atmel/studio/7.0/toolchain/arm/arm-gnu-toolchain/bin/../lib/gcc/arm-none-eabi/6.3.1/../../../../arm-none-eabi/lib/thumb/v6-m\libc_nano.a(lib_a-stdio.o)
 .ARM.attributes
                0x000007c6       0x2c c:/program files (x86)/atmel/studio/7.0/toolchain/arm/arm-gnu-toolchain/bin/../lib/gcc/arm-none-eabi/6.3.1/../../../../arm-none-eabi/lib/thumb/v6-m\libc_nano.a(lib_a-writer.o)
 .ARM.attributes
                0x000007f2       0x2c c:/program files (x86)/atmel/studio/7.0/toolchain/arm/arm-gnu-toolchain/bin/../lib/gcc/arm-none-eabi/6.3.1/../../../../arm-none-eabi/lib/thumb/v6-m\libc_nano.a(lib_a-closer.o)
 .ARM.attributes
                0x0000081e       0x2c c:/program files (x86)/atmel/studio/7.0/toolchain/arm/arm-gnu-toolchain/bin/../lib/gcc/arm-none-eabi/6.3.1/../../../../arm-none-eabi/lib/thumb/v6-m\libc_nano.a(lib_a-fstatr.o)
 .ARM.attributes
                0x0000084a       0x2c c:/program files (x86)/atmel/studio/7.0/toolchain/arm/arm-gnu-toolchain/bin/../lib/gcc/arm-none-eabi/6.3.1/../../../../arm-none-eabi/lib/thumb/v6-m\libc_nano.a(lib_a-lseekr.o)
 .ARM.attributes
                0x00000876       0x2c c:/program files (x86)/atmel/studio/7.0/toolchain/arm/arm-gnu-toolchain/bin/../lib/gcc/arm-none-eabi/6.3.1/../../../../arm-none-eabi/lib/thumb/v6-m\libc_nano.a(lib_a-mlock.o)
 .ARM.attributes
                0x000008a2       0x2c c:/program files (x86)/atmel/studio/7.0/toolchain/arm/arm-gnu-toolchain/bin/../lib/gcc/arm-none-eabi/6.3.1/../../../../arm-none-eabi/lib/thumb/v6-m\libc_nano.a(lib_a-readr.o)
 .ARM.attributes
                0x000008ce       0x2c c:/program files (x86)/atmel/studio/7.0/toolchain/arm/arm-gnu-toolchain/bin/../lib/gcc/arm-none-eabi/6.3.1/../../../../arm-none-eabi/lib/thumb/v6-m\libc_nano.a(lib_a-reent.o)
 .ARM.attributes
                0x000008fa       0x1e c:/program files (x86)/atmel/studio/7.0/toolchain/arm/arm-gnu-toolchain/bin/../lib/gcc/arm-none-eabi/6.3.1/thumb/v6-m/crtn.o

.comment        0x00000000       0x59
 .comment       0x00000000       0x59 atmel_start.o
                                 0x5a (size before relaxing)
 .comment       0x00000059       0x5a Device_Startup/startup_saml21.o
 .comment       0x00000059       0x5a driver_init.o
 .comment       0x00000059       0x5a hal/src/hal_atomic.o
 .comment       0x00000059       0x5a hal/src/hal_dac_sync.o
 .comment       0x00000059       0x5a hal/src/hal_io.o
 .comment       0x00000059       0x5a hal/src/hal_timer.o
 .comment       0x00000059       0x5a hal/src/hal_usart_sync.o
 .comment       0x00000059       0x5a hal/utils/src/utils_assert.o
 .comment       0x00000059       0x5a hal/utils/src/utils_list.o
 .comment       0x00000059       0x5a hal/utils/src/utils_syscalls.o
 .comment       0x00000059       0x5a hpl/core/hpl_core_m0plus_base.o
 .comment       0x00000059       0x5a hpl/core/hpl_init.o
 .comment       0x00000059       0x5a hpl/dac/hpl_dac.o
 .comment       0x00000059       0x5a hpl/gclk/hpl_gclk.o
 .comment       0x00000059       0x5a hpl/mclk/hpl_mclk.o
 .comment       0x00000059       0x5a hpl/osc32kctrl/hpl_osc32kctrl.o
 .comment       0x00000059       0x5a hpl/oscctrl/hpl_oscctrl.o
 .comment       0x00000059       0x5a hpl/pm/hpl_pm.o
 .comment       0x00000059       0x5a hpl/sercom/hpl_sercom.o
 .comment       0x00000059       0x5a hpl/tc/hpl_tc.o
 .comment       0x00000059       0x5a main.o
 .comment       0x00000059       0x5a stdio_redirect/gcc/read.o
 .comment       0x00000059       0x5a stdio_redirect/gcc/write.o
 .comment       0x00000059       0x5a stdio_redirect/stdio_io.o
 .comment       0x00000059       0x5a stdio_start.o

.debug_info     0x00000000    0x21778
 .debug_info    0x00000000      0xcef atmel_start.o
 .debug_info    0x00000cef      0xa2b Device_Startup/startup_saml21.o
 .debug_info    0x0000171a     0x5721 driver_init.o
 .debug_info    0x00006e3b      0x1d1 hal/src/hal_atomic.o
 .debug_info    0x0000700c      0x461 hal/src/hal_dac_sync.o
 .debug_info    0x0000746d      0x2b2 hal/src/hal_io.o
 .debug_info    0x0000771f      0xb91 hal/src/hal_timer.o
 .debug_info    0x000082b0      0xc56 hal/src/hal_usart_sync.o
 .debug_info    0x00008f06      0x107 hal/utils/src/utils_assert.o
 .debug_info    0x0000900d      0x314 hal/utils/src/utils_list.o
 .debug_info    0x00009321      0xdca hal/utils/src/utils_syscalls.o
 .debug_info    0x0000a0eb      0x871 hpl/core/hpl_core_m0plus_base.o
 .debug_info    0x0000a95c      0x6d4 hpl/core/hpl_init.o
 .debug_info    0x0000b030     0x1f9b hpl/dac/hpl_dac.o
 .debug_info    0x0000cfcb      0x6ca hpl/gclk/hpl_gclk.o
 .debug_info    0x0000d695      0xa0e hpl/mclk/hpl_mclk.o
 .debug_info    0x0000e0a3      0x622 hpl/osc32kctrl/hpl_osc32kctrl.o
 .debug_info    0x0000e6c5      0xe4d hpl/oscctrl/hpl_oscctrl.o
 .debug_info    0x0000f512      0xac0 hpl/pm/hpl_pm.o
 .debug_info    0x0000ffd2     0xb272 hpl/sercom/hpl_sercom.o
 .debug_info    0x0001b244     0x28b2 hpl/tc/hpl_tc.o
 .debug_info    0x0001daf6      0xef8 main.o
 .debug_info    0x0001e9ee      0xa34 stdio_redirect/gcc/read.o
 .debug_info    0x0001f422      0xa34 stdio_redirect/gcc/write.o
 .debug_info    0x0001fe56      0xbe2 stdio_redirect/stdio_io.o
 .debug_info    0x00020a38      0xd40 stdio_start.o

.debug_abbrev   0x00000000     0x39d3
 .debug_abbrev  0x00000000      0x1b4 atmel_start.o
 .debug_abbrev  0x000001b4      0x1d7 Device_Startup/startup_saml21.o
 .debug_abbrev  0x0000038b      0x36a driver_init.o
 .debug_abbrev  0x000006f5      0x144 hal/src/hal_atomic.o
 .debug_abbrev  0x00000839      0x13c hal/src/hal_dac_sync.o
 .debug_abbrev  0x00000975      0x115 hal/src/hal_io.o
 .debug_abbrev  0x00000a8a      0x221 hal/src/hal_timer.o
 .debug_abbrev  0x00000cab      0x217 hal/src/hal_usart_sync.o
 .debug_abbrev  0x00000ec2       0x86 hal/utils/src/utils_assert.o
 .debug_abbrev  0x00000f48      0x152 hal/utils/src/utils_list.o
 .debug_abbrev  0x0000109a      0x269 hal/utils/src/utils_syscalls.o
 .debug_abbrev  0x00001303      0x2c6 hpl/core/hpl_core_m0plus_base.o
 .debug_abbrev  0x000015c9      0x1d9 hpl/core/hpl_init.o
 .debug_abbrev  0x000017a2      0x419 hpl/dac/hpl_dac.o
 .debug_abbrev  0x00001bbb      0x1ab hpl/gclk/hpl_gclk.o
 .debug_abbrev  0x00001d66      0x1b7 hpl/mclk/hpl_mclk.o
 .debug_abbrev  0x00001f1d      0x1a2 hpl/osc32kctrl/hpl_osc32kctrl.o
 .debug_abbrev  0x000020bf      0x210 hpl/oscctrl/hpl_oscctrl.o
 .debug_abbrev  0x000022cf      0x245 hpl/pm/hpl_pm.o
 .debug_abbrev  0x00002514      0x593 hpl/sercom/hpl_sercom.o
 .debug_abbrev  0x00002aa7      0x4f8 hpl/tc/hpl_tc.o
 .debug_abbrev  0x00002f9f      0x259 main.o
 .debug_abbrev  0x000031f8      0x1e8 stdio_redirect/gcc/read.o
 .debug_abbrev  0x000033e0      0x1e8 stdio_redirect/gcc/write.o
 .debug_abbrev  0x000035c8      0x229 stdio_redirect/stdio_io.o
 .debug_abbrev  0x000037f1      0x1e2 stdio_start.o

.debug_loc      0x00000000     0xc51a
 .debug_loc     0x00000000       0x20 atmel_start.o
 .debug_loc     0x00000020       0x78 Device_Startup/startup_saml21.o
 .debug_loc     0x00000098      0x67b driver_init.o
 .debug_loc     0x00000713       0x13 hal/src/hal_atomic.o
 .debug_loc     0x00000726      0x418 hal/src/hal_dac_sync.o
 .debug_loc     0x00000b3e      0x1b6 hal/src/hal_io.o
 .debug_loc     0x00000cf4      0x767 hal/src/hal_timer.o
 .debug_loc     0x0000145b      0xa26 hal/src/hal_usart_sync.o
 .debug_loc     0x00001e81      0x213 hal/utils/src/utils_list.o
 .debug_loc     0x00002094      0x13b hal/utils/src/utils_syscalls.o
 .debug_loc     0x000021cf      0x2a1 hpl/core/hpl_core_m0plus_base.o
 .debug_loc     0x00002470       0x4c hpl/core/hpl_init.o
 .debug_loc     0x000024bc      0xe66 hpl/dac/hpl_dac.o
 .debug_loc     0x00003322      0x23a hpl/gclk/hpl_gclk.o
 .debug_loc     0x0000355c       0x84 hpl/mclk/hpl_mclk.o
 .debug_loc     0x000035e0       0xa5 hpl/osc32kctrl/hpl_osc32kctrl.o
 .debug_loc     0x00003685       0x18 hpl/oscctrl/hpl_oscctrl.o
 .debug_loc     0x0000369d      0x19b hpl/pm/hpl_pm.o
 .debug_loc     0x00003838     0x7dae hpl/sercom/hpl_sercom.o
 .debug_loc     0x0000b5e6      0xb25 hpl/tc/hpl_tc.o
 .debug_loc     0x0000c10b       0x8c main.o
 .debug_loc     0x0000c197       0xfe stdio_redirect/gcc/read.o
 .debug_loc     0x0000c295       0xf2 stdio_redirect/gcc/write.o
 .debug_loc     0x0000c387      0x153 stdio_redirect/stdio_io.o
 .debug_loc     0x0000c4da       0x40 stdio_start.o

.debug_aranges  0x00000000      0xb68
 .debug_aranges
                0x00000000       0x20 atmel_start.o
 .debug_aranges
                0x00000020       0x28 Device_Startup/startup_saml21.o
 .debug_aranges
                0x00000048       0x58 driver_init.o
 .debug_aranges
                0x000000a0       0x30 hal/src/hal_atomic.o
 .debug_aranges
                0x000000d0       0x48 hal/src/hal_dac_sync.o
 .debug_aranges
                0x00000118       0x30 hal/src/hal_io.o
 .debug_aranges
                0x00000148       0x70 hal/src/hal_timer.o
 .debug_aranges
                0x000001b8       0xa8 hal/src/hal_usart_sync.o
 .debug_aranges
                0x00000260       0x20 hal/utils/src/utils_assert.o
 .debug_aranges
                0x00000280       0x48 hal/utils/src/utils_list.o
 .debug_aranges
                0x000002c8       0x60 hal/utils/src/utils_syscalls.o
 .debug_aranges
                0x00000328       0x80 hpl/core/hpl_core_m0plus_base.o
 .debug_aranges
                0x000003a8       0x20 hpl/core/hpl_init.o
 .debug_aranges
                0x000003c8       0x88 hpl/dac/hpl_dac.o
 .debug_aranges
                0x00000450       0x28 hpl/gclk/hpl_gclk.o
 .debug_aranges
                0x00000478       0x20 hpl/mclk/hpl_mclk.o
 .debug_aranges
                0x00000498       0x20 hpl/osc32kctrl/hpl_osc32kctrl.o
 .debug_aranges
                0x000004b8       0x28 hpl/oscctrl/hpl_oscctrl.o
 .debug_aranges
                0x000004e0       0x30 hpl/pm/hpl_pm.o
 .debug_aranges
                0x00000510      0x508 hpl/sercom/hpl_sercom.o
 .debug_aranges
                0x00000a18       0x88 hpl/tc/hpl_tc.o
 .debug_aranges
                0x00000aa0       0x28 main.o
 .debug_aranges
                0x00000ac8       0x20 stdio_redirect/gcc/read.o
 .debug_aranges
                0x00000ae8       0x20 stdio_redirect/gcc/write.o
 .debug_aranges
                0x00000b08       0x38 stdio_redirect/stdio_io.o
 .debug_aranges
                0x00000b40       0x28 stdio_start.o

.debug_ranges   0x00000000      0xcd0
 .debug_ranges  0x00000000       0x10 atmel_start.o
 .debug_ranges  0x00000010       0x18 Device_Startup/startup_saml21.o
 .debug_ranges  0x00000028       0x48 driver_init.o
 .debug_ranges  0x00000070       0x20 hal/src/hal_atomic.o
 .debug_ranges  0x00000090       0x38 hal/src/hal_dac_sync.o
 .debug_ranges  0x000000c8       0x20 hal/src/hal_io.o
 .debug_ranges  0x000000e8       0x90 hal/src/hal_timer.o
 .debug_ranges  0x00000178       0x98 hal/src/hal_usart_sync.o
 .debug_ranges  0x00000210       0x10 hal/utils/src/utils_assert.o
 .debug_ranges  0x00000220       0x38 hal/utils/src/utils_list.o
 .debug_ranges  0x00000258       0x50 hal/utils/src/utils_syscalls.o
 .debug_ranges  0x000002a8       0x70 hpl/core/hpl_core_m0plus_base.o
 .debug_ranges  0x00000318       0x10 hpl/core/hpl_init.o
 .debug_ranges  0x00000328      0x168 hpl/dac/hpl_dac.o
 .debug_ranges  0x00000490       0x18 hpl/gclk/hpl_gclk.o
 .debug_ranges  0x000004a8       0x10 hpl/mclk/hpl_mclk.o
 .debug_ranges  0x000004b8       0x10 hpl/osc32kctrl/hpl_osc32kctrl.o
 .debug_ranges  0x000004c8       0x18 hpl/oscctrl/hpl_oscctrl.o
 .debug_ranges  0x000004e0       0x20 hpl/pm/hpl_pm.o
 .debug_ranges  0x00000500      0x6c8 hpl/sercom/hpl_sercom.o
 .debug_ranges  0x00000bc8       0x90 hpl/tc/hpl_tc.o
 .debug_ranges  0x00000c58       0x18 main.o
 .debug_ranges  0x00000c70       0x10 stdio_redirect/gcc/read.o
 .debug_ranges  0x00000c80       0x10 stdio_redirect/gcc/write.o
 .debug_ranges  0x00000c90       0x28 stdio_redirect/stdio_io.o
 .debug_ranges  0x00000cb8       0x18 stdio_start.o

.debug_macro    0x00000000    0x1ed56
 .debug_macro   0x00000000      0x770 atmel_start.o
 .debug_macro   0x00000770      0x89e atmel_start.o
 .debug_macro   0x0000100e      0x16d atmel_start.o
 .debug_macro   0x0000117b       0x22 atmel_start.o
 .debug_macro   0x0000119d       0x87 atmel_start.o
 .debug_macro   0x00001224       0x51 atmel_start.o
 .debug_macro   0x00001275       0xef atmel_start.o
 .debug_macro   0x00001364       0x6a atmel_start.o
 .debug_macro   0x000013ce      0x1df atmel_start.o
 .debug_macro   0x000015ad       0x22 atmel_start.o
 .debug_macro   0x000015cf       0x3f atmel_start.o
 .debug_macro   0x0000160e       0x1c atmel_start.o
 .debug_macro   0x0000162a       0x22 atmel_start.o
 .debug_macro   0x0000164c       0xb5 atmel_start.o
 .debug_macro   0x00001701      0x3ad atmel_start.o
 .debug_macro   0x00001aae      0x714 atmel_start.o
 .debug_macro   0x000021c2      0x8f0 atmel_start.o
 .debug_macro   0x00002ab2      0x279 atmel_start.o
 .debug_macro   0x00002d2b      0x21e atmel_start.o
 .debug_macro   0x00002f49      0x4c3 atmel_start.o
 .debug_macro   0x0000340c      0xe12 atmel_start.o
 .debug_macro   0x0000421e      0x5e7 atmel_start.o
 .debug_macro   0x00004805      0x5be atmel_start.o
 .debug_macro   0x00004dc3      0x824 atmel_start.o
 .debug_macro   0x000055e7      0x314 atmel_start.o
 .debug_macro   0x000058fb      0x5c6 atmel_start.o
 .debug_macro   0x00005ec1      0x21c atmel_start.o
 .debug_macro   0x000060dd      0x729 atmel_start.o
 .debug_macro   0x00006806      0x16f atmel_start.o
 .debug_macro   0x00006975      0x70f atmel_start.o
 .debug_macro   0x00007084      0x28c atmel_start.o
 .debug_macro   0x00007310      0x6e1 atmel_start.o
 .debug_macro   0x000079f1      0x2c5 atmel_start.o
 .debug_macro   0x00007cb6      0x3c1 atmel_start.o
 .debug_macro   0x00008077      0x1a0 atmel_start.o
 .debug_macro   0x00008217     0x1260 atmel_start.o
 .debug_macro   0x00009477      0xf4d atmel_start.o
 .debug_macro   0x0000a3c4      0x866 atmel_start.o
 .debug_macro   0x0000ac2a      0x8ae atmel_start.o
 .debug_macro   0x0000b4d8     0x19be atmel_start.o
 .debug_macro   0x0000ce96       0xe7 atmel_start.o
 .debug_macro   0x0000cf7d     0x13e6 atmel_start.o
 .debug_macro   0x0000e363      0x36a atmel_start.o
 .debug_macro   0x0000e6cd       0x7c atmel_start.o
 .debug_macro   0x0000e749       0xac atmel_start.o
 .debug_macro   0x0000e7f5       0xca atmel_start.o
 .debug_macro   0x0000e8bf       0x4c atmel_start.o
 .debug_macro   0x0000e90b       0x94 atmel_start.o
 .debug_macro   0x0000e99f       0xdc atmel_start.o
 .debug_macro   0x0000ea7b       0xb2 atmel_start.o
 .debug_macro   0x0000eb2d       0x64 atmel_start.o
 .debug_macro   0x0000eb91      0x5a4 atmel_start.o
 .debug_macro   0x0000f135      0x19d atmel_start.o
 .debug_macro   0x0000f2d2       0x70 atmel_start.o
 .debug_macro   0x0000f342       0xa0 atmel_start.o
 .debug_macro   0x0000f3e2       0xc4 atmel_start.o
 .debug_macro   0x0000f4a6       0x28 atmel_start.o
 .debug_macro   0x0000f4ce       0xa0 atmel_start.o
 .debug_macro   0x0000f56e       0x40 atmel_start.o
 .debug_macro   0x0000f5ae       0x7c atmel_start.o
 .debug_macro   0x0000f62a       0x40 atmel_start.o
 .debug_macro   0x0000f66a      0x16c atmel_start.o
 .debug_macro   0x0000f7d6       0x10 atmel_start.o
 .debug_macro   0x0000f7e6       0x34 atmel_start.o
 .debug_macro   0x0000f81a       0xee atmel_start.o
 .debug_macro   0x0000f908      0x12b atmel_start.o
 .debug_macro   0x0000fa33      0x12b atmel_start.o
 .debug_macro   0x0000fb5e      0x12b atmel_start.o
 .debug_macro   0x0000fc89      0x12b atmel_start.o
 .debug_macro   0x0000fdb4      0x12b atmel_start.o
 .debug_macro   0x0000fedf      0x12b atmel_start.o
 .debug_macro   0x0001000a       0x5e atmel_start.o
 .debug_macro   0x00010068       0xfa atmel_start.o
 .debug_macro   0x00010162       0xfa atmel_start.o
 .debug_macro   0x0001025c       0xfa atmel_start.o
 .debug_macro   0x00010356       0xfa atmel_start.o
 .debug_macro   0x00010450       0xfa atmel_start.o
 .debug_macro   0x0001054a      0x124 atmel_start.o
 .debug_macro   0x0001066e       0xfa atmel_start.o
 .debug_macro   0x00010768       0xee atmel_start.o
 .debug_macro   0x00010856       0x2e atmel_start.o
 .debug_macro   0x00010884      0x40f atmel_start.o
 .debug_macro   0x00010c93       0x3a atmel_start.o
 .debug_macro   0x00010ccd      0x42c atmel_start.o
 .debug_macro   0x000110f9     0x23fb atmel_start.o
 .debug_macro   0x000134f4       0x90 atmel_start.o
 .debug_macro   0x00013584       0x10 atmel_start.o
 .debug_macro   0x00013594       0x10 atmel_start.o
 .debug_macro   0x000135a4       0x16 atmel_start.o
 .debug_macro   0x000135ba       0x16 atmel_start.o
 .debug_macro   0x000135d0       0x16 atmel_start.o
 .debug_macro   0x000135e6       0x16 atmel_start.o
 .debug_macro   0x000135fc       0x16 atmel_start.o
 .debug_macro   0x00013612       0x16 atmel_start.o
 .debug_macro   0x00013628       0x16 atmel_start.o
 .debug_macro   0x0001363e       0x16 atmel_start.o
 .debug_macro   0x00013654       0x16 atmel_start.o
 .debug_macro   0x0001366a       0x16 atmel_start.o
 .debug_macro   0x00013680       0x16 atmel_start.o
 .debug_macro   0x00013696       0x16 atmel_start.o
 .debug_macro   0x000136ac       0x16 atmel_start.o
 .debug_macro   0x000136c2       0x16 atmel_start.o
 .debug_macro   0x000136d8       0x16 atmel_start.o
 .debug_macro   0x000136ee       0x16 atmel_start.o
 .debug_macro   0x00013704       0x16 atmel_start.o
 .debug_macro   0x0001371a       0x16 atmel_start.o
 .debug_macro   0x00013730       0x16 atmel_start.o
 .debug_macro   0x00013746      0x2e0 atmel_start.o
 .debug_macro   0x00013a26       0x94 atmel_start.o
 .debug_macro   0x00013aba       0x16 atmel_start.o
 .debug_macro   0x00013ad0       0xbe atmel_start.o
 .debug_macro   0x00013b8e      0x28c atmel_start.o
 .debug_macro   0x00013e1a       0x16 atmel_start.o
 .debug_macro   0x00013e30      0x4d8 atmel_start.o
 .debug_macro   0x00014308       0x16 atmel_start.o
 .debug_macro   0x0001431e       0xca atmel_start.o
 .debug_macro   0x000143e8       0x1c atmel_start.o
 .debug_macro   0x00014404       0x16 atmel_start.o
 .debug_macro   0x0001441a       0xcf atmel_start.o
 .debug_macro   0x000144e9       0x52 atmel_start.o
 .debug_macro   0x0001453b       0x10 atmel_start.o
 .debug_macro   0x0001454b       0x58 atmel_start.o
 .debug_macro   0x000145a3       0x35 atmel_start.o
 .debug_macro   0x000145d8       0x9c atmel_start.o
 .debug_macro   0x00014674       0x16 atmel_start.o
 .debug_macro   0x0001468a       0x35 atmel_start.o
 .debug_macro   0x000146bf      0x34d atmel_start.o
 .debug_macro   0x00014a0c       0x10 atmel_start.o
 .debug_macro   0x00014a1c       0x58 atmel_start.o
 .debug_macro   0x00014a74       0x1f atmel_start.o
 .debug_macro   0x00014a93       0x43 atmel_start.o
 .debug_macro   0x00014ad6       0x20 atmel_start.o
 .debug_macro   0x00014af6      0x187 atmel_start.o
 .debug_macro   0x00014c7d       0x10 atmel_start.o
 .debug_macro   0x00014c8d       0x1c atmel_start.o
 .debug_macro   0x00014ca9       0x52 atmel_start.o
 .debug_macro   0x00014cfb       0x40 atmel_start.o
 .debug_macro   0x00014d3b       0x10 atmel_start.o
 .debug_macro   0x00014d4b       0x40 atmel_start.o
 .debug_macro   0x00014d8b       0xd7 atmel_start.o
 .debug_macro   0x00014e62       0x16 atmel_start.o
 .debug_macro   0x00014e78      0x18b atmel_start.o
 .debug_macro   0x00015003      0x374 Device_Startup/startup_saml21.o
 .debug_macro   0x00015377       0x39 Device_Startup/startup_saml21.o
 .debug_macro   0x000153b0      0x603 driver_init.o
 .debug_macro   0x000159b3       0x42 driver_init.o
 .debug_macro   0x000159f5       0xc9 driver_init.o
 .debug_macro   0x00015abe      0x4d8 hal/src/hal_atomic.o
 .debug_macro   0x00015f96      0x505 hal/src/hal_dac_sync.o
 .debug_macro   0x0001649b      0x4eb hal/src/hal_io.o
 .debug_macro   0x00016986      0x520 hal/src/hal_timer.o
 .debug_macro   0x00016ea6      0x514 hal/src/hal_usart_sync.o
 .debug_macro   0x000173ba      0x4e1 hal/utils/src/utils_assert.o
 .debug_macro   0x0001789b       0x10 hal/utils/src/utils_assert.o
 .debug_macro   0x000178ab      0x4e5 hal/utils/src/utils_list.o
 .debug_macro   0x00017d90      0x1d6 hal/utils/src/utils_syscalls.o
 .debug_macro   0x00017f66       0x52 hal/utils/src/utils_syscalls.o
 .debug_macro   0x00017fb8       0x8d hal/utils/src/utils_syscalls.o
 .debug_macro   0x00018045       0x57 hal/utils/src/utils_syscalls.o
 .debug_macro   0x0001809c       0x97 hal/utils/src/utils_syscalls.o
 .debug_macro   0x00018133      0x353 hal/utils/src/utils_syscalls.o
 .debug_macro   0x00018486       0xf6 hal/utils/src/utils_syscalls.o
 .debug_macro   0x0001857c       0x4c hal/utils/src/utils_syscalls.o
 .debug_macro   0x000185c8       0x16 hal/utils/src/utils_syscalls.o
 .debug_macro   0x000185de       0x10 hal/utils/src/utils_syscalls.o
 .debug_macro   0x000185ee       0x10 hal/utils/src/utils_syscalls.o
 .debug_macro   0x000185fe       0x35 hal/utils/src/utils_syscalls.o
 .debug_macro   0x00018633      0x122 hal/utils/src/utils_syscalls.o
 .debug_macro   0x00018755      0x534 hpl/core/hpl_core_m0plus_base.o
 .debug_macro   0x00018c89      0x558 hpl/core/hpl_init.o
 .debug_macro   0x000191e1       0x28 hpl/core/hpl_init.o
 .debug_macro   0x00019209      0x772 hpl/core/hpl_init.o
 .debug_macro   0x0001997b      0x509 hpl/dac/hpl_dac.o
 .debug_macro   0x00019e84       0x87 hpl/dac/hpl_dac.o
 .debug_macro   0x00019f0b      0x4ee hpl/gclk/hpl_gclk.o
 .debug_macro   0x0001a3f9      0x1f4 hpl/gclk/hpl_gclk.o
 .debug_macro   0x0001a5ed      0x4ea hpl/mclk/hpl_mclk.o
 .debug_macro   0x0001aad7      0x4e5 hpl/osc32kctrl/hpl_osc32kctrl.o
 .debug_macro   0x0001afbc       0xa4 hpl/osc32kctrl/hpl_osc32kctrl.o
 .debug_macro   0x0001b060      0x4e5 hpl/oscctrl/hpl_oscctrl.o
 .debug_macro   0x0001b545      0x18c hpl/oscctrl/hpl_oscctrl.o
 .debug_macro   0x0001b6d1      0x4f0 hpl/pm/hpl_pm.o
 .debug_macro   0x0001bbc1      0x737 hpl/sercom/hpl_sercom.o
 .debug_macro   0x0001c2f8       0x70 hpl/sercom/hpl_sercom.o
 .debug_macro   0x0001c368       0xba hpl/sercom/hpl_sercom.o
 .debug_macro   0x0001c422       0x10 hpl/sercom/hpl_sercom.o
 .debug_macro   0x0001c432       0x1c hpl/sercom/hpl_sercom.o
 .debug_macro   0x0001c44e       0x22 hpl/sercom/hpl_sercom.o
 .debug_macro   0x0001c470       0x10 hpl/sercom/hpl_sercom.o
 .debug_macro   0x0001c480      0x55b hpl/tc/hpl_tc.o
 .debug_macro   0x0001c9db       0x10 hpl/tc/hpl_tc.o
 .debug_macro   0x0001c9eb       0x83 hpl/tc/hpl_tc.o
 .debug_macro   0x0001ca6e      0x7ae main.o
 .debug_macro   0x0001d21c       0x16 main.o
 .debug_macro   0x0001d232       0x16 main.o
 .debug_macro   0x0001d248       0x29 main.o
 .debug_macro   0x0001d271      0x644 stdio_redirect/gcc/read.o
 .debug_macro   0x0001d8b5      0x644 stdio_redirect/gcc/write.o
 .debug_macro   0x0001def9      0x63d stdio_redirect/stdio_io.o
 .debug_macro   0x0001e536       0xaf stdio_redirect/stdio_io.o
 .debug_macro   0x0001e5e5      0x771 stdio_start.o

.debug_line     0x00000000    0x13f53
 .debug_line    0x00000000      0xd17 atmel_start.o
 .debug_line    0x00000d17      0x76d Device_Startup/startup_saml21.o
 .debug_line    0x00001484      0xcef driver_init.o
 .debug_line    0x00002173      0xa5c hal/src/hal_atomic.o
 .debug_line    0x00002bcf      0xb34 hal/src/hal_dac_sync.o
 .debug_line    0x00003703      0xa74 hal/src/hal_io.o
 .debug_line    0x00004177      0xbfa hal/src/hal_timer.o
 .debug_line    0x00004d71      0xc3f hal/src/hal_usart_sync.o
 .debug_line    0x000059b0      0xa26 hal/utils/src/utils_assert.o
 .debug_line    0x000063d6      0xabf hal/utils/src/utils_list.o
 .debug_line    0x00006e95      0x40b hal/utils/src/utils_syscalls.o
 .debug_line    0x000072a0      0xbfa hpl/core/hpl_core_m0plus_base.o
 .debug_line    0x00007e9a      0xb06 hpl/core/hpl_init.o
 .debug_line    0x000089a0      0xd5f hpl/dac/hpl_dac.o
 .debug_line    0x000096ff      0xaa8 hpl/gclk/hpl_gclk.o
 .debug_line    0x0000a1a7      0xa56 hpl/mclk/hpl_mclk.o
 .debug_line    0x0000abfd      0xa64 hpl/osc32kctrl/hpl_osc32kctrl.o
 .debug_line    0x0000b661      0xa7d hpl/oscctrl/hpl_oscctrl.o
 .debug_line    0x0000c0de      0xa96 hpl/pm/hpl_pm.o
 .debug_line    0x0000cb74     0x29b0 hpl/sercom/hpl_sercom.o
 .debug_line    0x0000f524      0xd9c hpl/tc/hpl_tc.o
 .debug_line    0x000102c0      0xd55 main.o
 .debug_line    0x00011015      0xb4f stdio_redirect/gcc/read.o
 .debug_line    0x00011b64      0xb50 stdio_redirect/gcc/write.o
 .debug_line    0x000126b4      0xb73 stdio_redirect/stdio_io.o
 .debug_line    0x00013227      0xd2c stdio_start.o

.debug_str      0x00000000    0x93779
 .debug_str     0x00000000    0x8774a atmel_start.o
                              0x87d0e (size before relaxing)
 .debug_str     0x0008774a      0x524 Device_Startup/startup_saml21.o
                              0x7b7aa (size before relaxing)
 .debug_str     0x00087c6e     0x18db driver_init.o
                              0x858a4 (size before relaxing)
 .debug_str     0x00089549       0xb7 hal/src/hal_atomic.o
                              0x8313c (size before relaxing)
 .debug_str     0x00089600       0xc9 hal/src/hal_dac_sync.o
                              0x83324 (size before relaxing)
 .debug_str     0x000896c9       0x2c hal/src/hal_io.o
                              0x831e9 (size before relaxing)
 .debug_str     0x000896f5      0x2cc hal/src/hal_timer.o
                              0x83a7b (size before relaxing)
 .debug_str     0x000899c1      0x4aa hal/src/hal_usart_sync.o
                              0x83c89 (size before relaxing)
 .debug_str     0x00089e6b       0x2a hal/utils/src/utils_assert.o
                              0x8314c (size before relaxing)
 .debug_str     0x00089e95       0x31 hal/utils/src/utils_list.o
                              0x831f6 (size before relaxing)
 .debug_str     0x00089ec6      0x77a hal/utils/src/utils_syscalls.o
                               0x72ff (size before relaxing)
 .debug_str     0x0008a640      0x361 hpl/core/hpl_core_m0plus_base.o
                              0x83be4 (size before relaxing)
 .debug_str     0x0008a9a1     0x19b7 hpl/core/hpl_init.o
                              0x856dc (size before relaxing)
 .debug_str     0x0008c358      0x697 hpl/dac/hpl_dac.o
                              0x83d5a (size before relaxing)
 .debug_str     0x0008c9ef      0x821 hpl/gclk/hpl_gclk.o
                              0x83a87 (size before relaxing)
 .debug_str     0x0008d210       0xa5 hpl/mclk/hpl_mclk.o
                              0x836a3 (size before relaxing)
 .debug_str     0x0008d2b5      0x47f hpl/osc32kctrl/hpl_osc32kctrl.o
                              0x835a3 (size before relaxing)
 .debug_str     0x0008d734      0x8de hpl/oscctrl/hpl_oscctrl.o
                              0x83a86 (size before relaxing)
 .debug_str     0x0008e012      0x367 hpl/pm/hpl_pm.o
                              0x83504 (size before relaxing)
 .debug_str     0x0008e379     0x4797 hpl/sercom/hpl_sercom.o
                              0x88dc1 (size before relaxing)
 .debug_str     0x00092b10      0xa19 hpl/tc/hpl_tc.o
                              0x8492f (size before relaxing)
 .debug_str     0x00093529      0x172 main.o
                              0x87f25 (size before relaxing)
 .debug_str     0x0009369b       0x2b stdio_redirect/gcc/read.o
                              0x86ef9 (size before relaxing)
 .debug_str     0x000936c6       0x2d stdio_redirect/gcc/write.o
                              0x86efb (size before relaxing)
 .debug_str     0x000936f3       0x4b stdio_redirect/stdio_io.o
                              0x86f94 (size before relaxing)
 .debug_str     0x0009373e       0x3b stdio_start.o
                              0x87d3e (size before relaxing)

.debug_frame    0x00000000     0x20d0
 .debug_frame   0x00000000       0x28 atmel_start.o
 .debug_frame   0x00000028       0x38 Device_Startup/startup_saml21.o
 .debug_frame   0x00000060       0xcc driver_init.o
 .debug_frame   0x0000012c       0x40 hal/src/hal_atomic.o
 .debug_frame   0x0000016c       0xb4 hal/src/hal_dac_sync.o
 .debug_frame   0x00000220       0x58 hal/src/hal_io.o
 .debug_frame   0x00000278      0x13c hal/src/hal_timer.o
 .debug_frame   0x000003b4      0x1f8 hal/src/hal_usart_sync.o
 .debug_frame   0x000005ac       0x20 hal/utils/src/utils_assert.o
 .debug_frame   0x000005cc       0x88 hal/utils/src/utils_list.o
 .debug_frame   0x00000654       0xa8 hal/utils/src/utils_syscalls.o
 .debug_frame   0x000006fc       0xfc hpl/core/hpl_core_m0plus_base.o
 .debug_frame   0x000007f8       0x28 hpl/core/hpl_init.o
 .debug_frame   0x00000820      0x130 hpl/dac/hpl_dac.o
 .debug_frame   0x00000950       0x30 hpl/gclk/hpl_gclk.o
 .debug_frame   0x00000980       0x20 hpl/mclk/hpl_mclk.o
 .debug_frame   0x000009a0       0x20 hpl/osc32kctrl/hpl_osc32kctrl.o
 .debug_frame   0x000009c0       0x30 hpl/oscctrl/hpl_oscctrl.o
 .debug_frame   0x000009f0       0x40 hpl/pm/hpl_pm.o
 .debug_frame   0x00000a30      0xe9c hpl/sercom/hpl_sercom.o
 .debug_frame   0x000018cc      0x128 hpl/tc/hpl_tc.o
 .debug_frame   0x000019f4       0x40 main.o
 .debug_frame   0x00001a34       0x28 stdio_redirect/gcc/read.o
 .debug_frame   0x00001a5c       0x28 stdio_redirect/gcc/write.o
 .debug_frame   0x00001a84       0x6c stdio_redirect/stdio_io.o
 .debug_frame   0x00001af0       0x40 stdio_start.o
 .debug_frame   0x00001b30       0x2c c:/program files (x86)/atmel/studio/7.0/toolchain/arm/arm-gnu-toolchain/bin/../lib/gcc/arm-none-eabi/6.3.1/../../../../arm-none-eabi/lib/thumb/v6-m\libc_nano.a(lib_a-init.o)
 .debug_frame   0x00001b5c       0x20 c:/program files (x86)/atmel/studio/7.0/toolchain/arm/arm-gnu-toolchain/bin/../lib/gcc/arm-none-eabi/6.3.1/../../../../arm-none-eabi/lib/thumb/v6-m\libc_nano.a(lib_a-memset.o)
 .debug_frame   0x00001b7c       0x28 c:/program files (x86)/atmel/studio/7.0/toolchain/arm/arm-gnu-toolchain/bin/../lib/gcc/arm-none-eabi/6.3.1/../../../../arm-none-eabi/lib/thumb/v6-m\libc_nano.a(lib_a-setbuf.o)
 .debug_frame   0x00001ba4       0x30 c:/program files (x86)/atmel/studio/7.0/toolchain/arm/arm-gnu-toolchain/bin/../lib/gcc/arm-none-eabi/6.3.1/../../../../arm-none-eabi/lib/thumb/v6-m\libc_nano.a(lib_a-setvbuf.o)
 .debug_frame   0x00001bd4       0x68 c:/program files (x86)/atmel/studio/7.0/toolchain/arm/arm-gnu-toolchain/bin/../lib/gcc/arm-none-eabi/6.3.1/../../../../arm-none-eabi/lib/thumb/v6-m\libc_nano.a(lib_a-fflush.o)
 .debug_frame   0x00001c3c      0x140 c:/program files (x86)/atmel/studio/7.0/toolchain/arm/arm-gnu-toolchain/bin/../lib/gcc/arm-none-eabi/6.3.1/../../../../arm-none-eabi/lib/thumb/v6-m\libc_nano.a(lib_a-findfp.o)
 .debug_frame   0x00001d7c       0x58 c:/program files (x86)/atmel/studio/7.0/toolchain/arm/arm-gnu-toolchain/bin/../lib/gcc/arm-none-eabi/6.3.1/../../../../arm-none-eabi/lib/thumb/v6-m\libc_nano.a(lib_a-fwalk.o)
 .debug_frame   0x00001dd4       0x54 c:/program files (x86)/atmel/studio/7.0/toolchain/arm/arm-gnu-toolchain/bin/../lib/gcc/arm-none-eabi/6.3.1/../../../../arm-none-eabi/lib/thumb/v6-m\libc_nano.a(lib_a-makebuf.o)
 .debug_frame   0x00001e28       0x40 c:/program files (x86)/atmel/studio/7.0/toolchain/arm/arm-gnu-toolchain/bin/../lib/gcc/arm-none-eabi/6.3.1/../../../../arm-none-eabi/lib/thumb/v6-m\libc_nano.a(lib_a-malloc.o)
 .debug_frame   0x00001e68       0x2c c:/program files (x86)/atmel/studio/7.0/toolchain/arm/arm-gnu-toolchain/bin/../lib/gcc/arm-none-eabi/6.3.1/../../../../arm-none-eabi/lib/thumb/v6-m\libc_nano.a(lib_a-nano-freer.o)
 .debug_frame   0x00001e94       0x2c c:/program files (x86)/atmel/studio/7.0/toolchain/arm/arm-gnu-toolchain/bin/../lib/gcc/arm-none-eabi/6.3.1/../../../../arm-none-eabi/lib/thumb/v6-m\libc_nano.a(lib_a-nano-mallocr.o)
 .debug_frame   0x00001ec0       0x2c c:/program files (x86)/atmel/studio/7.0/toolchain/arm/arm-gnu-toolchain/bin/../lib/gcc/arm-none-eabi/6.3.1/../../../../arm-none-eabi/lib/thumb/v6-m\libc_nano.a(lib_a-sbrkr.o)
 .debug_frame   0x00001eec       0x90 c:/program files (x86)/atmel/studio/7.0/toolchain/arm/arm-gnu-toolchain/bin/../lib/gcc/arm-none-eabi/6.3.1/../../../../arm-none-eabi/lib/thumb/v6-m\libc_nano.a(lib_a-stdio.o)
 .debug_frame   0x00001f7c       0x2c c:/program files (x86)/atmel/studio/7.0/toolchain/arm/arm-gnu-toolchain/bin/../lib/gcc/arm-none-eabi/6.3.1/../../../../arm-none-eabi/lib/thumb/v6-m\libc_nano.a(lib_a-writer.o)
 .debug_frame   0x00001fa8       0x2c c:/program files (x86)/atmel/studio/7.0/toolchain/arm/arm-gnu-toolchain/bin/../lib/gcc/arm-none-eabi/6.3.1/../../../../arm-none-eabi/lib/thumb/v6-m\libc_nano.a(lib_a-closer.o)
 .debug_frame   0x00001fd4       0x2c c:/program files (x86)/atmel/studio/7.0/toolchain/arm/arm-gnu-toolchain/bin/../lib/gcc/arm-none-eabi/6.3.1/../../../../arm-none-eabi/lib/thumb/v6-m\libc_nano.a(lib_a-fstatr.o)
 .debug_frame   0x00002000       0x2c c:/program files (x86)/atmel/studio/7.0/toolchain/arm/arm-gnu-toolchain/bin/../lib/gcc/arm-none-eabi/6.3.1/../../../../arm-none-eabi/lib/thumb/v6-m\libc_nano.a(lib_a-lseekr.o)
 .debug_frame   0x0000202c       0x30 c:/program files (x86)/atmel/studio/7.0/toolchain/arm/arm-gnu-toolchain/bin/../lib/gcc/arm-none-eabi/6.3.1/../../../../arm-none-eabi/lib/thumb/v6-m\libc_nano.a(lib_a-mlock.o)
 .debug_frame   0x0000205c       0x2c c:/program files (x86)/atmel/studio/7.0/toolchain/arm/arm-gnu-toolchain/bin/../lib/gcc/arm-none-eabi/6.3.1/../../../../arm-none-eabi/lib/thumb/v6-m\libc_nano.a(lib_a-readr.o)
 .debug_frame   0x00002088       0x48 c:/program files (x86)/atmel/studio/7.0/toolchain/arm/arm-gnu-toolchain/bin/../lib/gcc/arm-none-eabi/6.3.1/../../../../arm-none-eabi/lib/thumb/v6-m\libc_nano.a(lib_a-reent.o)
